Category: 📺央视频道, Name: CCTV-1, Total: 75, Valid: 19, Valid Percent: 25.33%, IPv4: 75, IPv6: 0, Min Delay: 117 ms, Max Speed: 9.14 M/s, Avg Speed: 1.23 M/s, Max Resolution: 1920x1080
Category: 📺央视频道, Name: CCTV-2, Total: 63, Valid: 22, Valid Percent: 34.92%, IPv4: 63, IPv6: 0, Min Delay: 148 ms, Max Speed: 16.16 M/s, Avg Speed: 1.74 M/s, Max Resolution: 1920x1080
Category: 📺央视频道, Name: CCTV-3, Total: 63, Valid: 21, Valid Percent: 33.33%, IPv4: 63, IPv6: 0, Min Delay: 35 ms, Max Speed: 27.74 M/s, Avg Speed: 2.75 M/s, Max Resolution: 1920x1080
Category: 📺央视频道, Name: CCTV-4, Total: 56, Valid: 15, Valid Percent: 26.79%, IPv4: 56, IPv6: 0, Min Delay: 155 ms, Max Speed: 11.73 M/s, Avg Speed: 1.59 M/s, Max Resolution: 1920x1080
Category: 📺央视频道, Name: CCTV-5, Total: 65, Valid: 26, Valid Percent: 40.00%, IPv4: 65, IPv6: 0, Min Delay: 97 ms, Max Speed: 12.23 M/s, Avg Speed: 2.02 M/s, Max Resolution: 1920x1080
Category: 📺央视频道, Name: CCTV-5+, Total: 43, Valid: 19, Valid Percent: 44.19%, IPv4: 43, IPv6: 0, Min Delay: 1186 ms, Max Speed: 1.33 M/s, Avg Speed: 0.24 M/s, Max Resolution: 1920x1080
Category: 📺央视频道, Name: CCTV-6, Total: 60, Valid: 21, Valid Percent: 35.00%, IPv4: 60, IPv6: 0, Min Delay: 202 ms, Max Speed: 9.31 M/s, Avg Speed: 0.93 M/s, Max Resolution: 1920x1080
Category: 📺央视频道, Name: CCTV-7, Total: 61, Valid: 20, Valid Percent: 32.79%, IPv4: 61, IPv6: 0, Min Delay: 111 ms, Max Speed: 7.24 M/s, Avg Speed: 1.02 M/s, Max Resolution: 1920x1080
Category: 📺央视频道, Name: CCTV-8, Total: 56, Valid: 21, Valid Percent: 37.50%, IPv4: 56, IPv6: 0, Min Delay: 126 ms, Max Speed: 11.73 M/s, Avg Speed: 1.04 M/s, Max Resolution: 1920x1080
Category: 📺央视频道, Name: CCTV-9, Total: 62, Valid: 21, Valid Percent: 33.87%, IPv4: 62, IPv6: 0, Min Delay: 30 ms, Max Speed: 34.41 M/s, Avg Speed: 2.95 M/s, Max Resolution: 1920x1080
Category: 📺央视频道, Name: CCTV-10, Total: 60, Valid: 19, Valid Percent: 31.67%, IPv4: 60, IPv6: 0, Min Delay: 143 ms, Max Speed: 15.29 M/s, Avg Speed: 1.41 M/s, Max Resolution: 1920x1080
Category: 📺央视频道, Name: CCTV-11, Total: 53, Valid: 16, Valid Percent: 30.19%, IPv4: 53, IPv6: 0, Min Delay: 71 ms, Max Speed: 21.97 M/s, Avg Speed: 3.35 M/s, Max Resolution: 1920x1080
Category: 📺央视频道, Name: CCTV-12, Total: 54, Valid: 18, Valid Percent: 33.33%, IPv4: 54, IPv6: 0, Min Delay: 73 ms, Max Speed: 17.96 M/s, Avg Speed: 2.51 M/s, Max Resolution: 1920x1080
Category: 📺央视频道, Name: CCTV-13, Total: 69, Valid: 23, Valid Percent: 33.33%, IPv4: 69, IPv6: 0, Min Delay: 92 ms, Max Speed: 11.73 M/s, Avg Speed: 1.43 M/s, Max Resolution: 1920x1080
Category: 📺央视频道, Name: CCTV-14, Total: 59, Valid: 20, Valid Percent: 33.90%, IPv4: 59, IPv6: 0, Min Delay: 87 ms, Max Speed: 22.89 M/s, Avg Speed: 3.45 M/s, Max Resolution: 1920x1080
Category: 📺央视频道, Name: CCTV-15, Total: 69, Valid: 21, Valid Percent: 30.43%, IPv4: 69, IPv6: 0, Min Delay: 129 ms, Max Speed: 21.04 M/s, Avg Speed: 2.72 M/s, Max Resolution: 1920x1080
Category: 📺央视频道, Name: CCTV-16, Total: 24, Valid: 10, Valid Percent: 41.67%, IPv4: 24, IPv6: 0, Min Delay: 163 ms, Max Speed: 21.60 M/s, Avg Speed: 6.22 M/s, Max Resolution: 1920x1080
Category: 📺央视频道, Name: CCTV-17, Total: 35, Valid: 9, Valid Percent: 25.71%, IPv4: 35, IPv6: 0, Min Delay: 152 ms, Max Speed: 17.65 M/s, Avg Speed: 3.08 M/s, Max Resolution: 1920x1080
Category: 📺央视频道, Name: CETV-1, Total: 33, Valid: 4, Valid Percent: 12.12%, IPv4: 33, IPv6: 0, Min Delay: 84 ms, Max Speed: 13.76 M/s, Avg Speed: 3.48 M/s, Max Resolution: 1920x1080
Category: 📺央视频道, Name: CETV-2, Total: 16, Valid: 2, Valid Percent: 12.50%, IPv4: 16, IPv6: 0, Min Delay: 86 ms, Max Speed: 11.47 M/s, Avg Speed: 5.76 M/s, Max Resolution: 1920x1080
Category: 📺央视频道, Name: CETV-3, Total: 4, Valid: 0, Valid Percent: 0.00%, IPv4: 4, IPv6: 0, Min Delay: -1 ms, Max Speed: 0.00 M/s, Avg Speed: 0.00 M/s, Max Resolution: None
Category: 💰央视付费频道, Name: 央视台球, Total: 4, Valid: 1, Valid Percent: 25.00%, IPv4: 4, IPv6: 0, Min Delay: 219 ms, Max Speed: 21.18 M/s, Avg Speed: 21.18 M/s, Max Resolution: 1920x1080
Category: 📺央视频道, Name: CETV-4, Total: 25, Valid: 2, Valid Percent: 8.00%, IPv4: 25, IPv6: 0, Min Delay: 87 ms, Max Speed: 10.56 M/s, Avg Speed: 5.29 M/s, Max Resolution: 1920x1080
Category: 💰央视付费频道, Name: 文化精品, Total: 5, Valid: 1, Valid Percent: 20.00%, IPv4: 5, IPv6: 0, Min Delay: 198 ms, Max Speed: 19.91 M/s, Avg Speed: 19.91 M/s, Max Resolution: 1920x1080
Category: 💰央视付费频道, Name: 风云音乐, Total: 12, Valid: 5, Valid Percent: 41.67%, IPv4: 12, IPv6: 0, Min Delay: 146 ms, Max Speed: 15.11 M/s, Avg Speed: 3.15 M/s, Max Resolution: 1920x1080
Category: 💰央视付费频道, Name: 第一剧场, Total: 21, Valid: 5, Valid Percent: 23.81%, IPv4: 21, IPv6: 0, Min Delay: 190 ms, Max Speed: 18.33 M/s, Avg Speed: 3.72 M/s, Max Resolution: 1920x1080
Category: 💰央视付费频道, Name: 风云剧场, Total: 9, Valid: 4, Valid Percent: 44.44%, IPv4: 9, IPv6: 0, Min Delay: 212 ms, Max Speed: 17.69 M/s, Avg Speed: 4.49 M/s, Max Resolution: 1920x1080
Category: 💰央视付费频道, Name: 怀旧剧场, Total: 10, Valid: 3, Valid Percent: 30.00%, IPv4: 10, IPv6: 0, Min Delay: 158 ms, Max Speed: 13.85 M/s, Avg Speed: 4.67 M/s, Max Resolution: 1920x1080
Category: 💰央视付费频道, Name: 女性时尚, Total: 9, Valid: 3, Valid Percent: 33.33%, IPv4: 9, IPv6: 0, Min Delay: 204 ms, Max Speed: 22.14 M/s, Avg Speed: 7.57 M/s, Max Resolution: 1920x1080
Category: 💰央视付费频道, Name: 高尔夫网球, Total: 4, Valid: 1, Valid Percent: 25.00%, IPv4: 4, IPv6: 0, Min Delay: 125 ms, Max Speed: 11.21 M/s, Avg Speed: 11.21 M/s, Max Resolution: 1920x1080
Category: 💰央视付费频道, Name: 电视指南, Total: 5, Valid: 2, Valid Percent: 40.00%, IPv4: 5, IPv6: 0, Min Delay: 238 ms, Max Speed: 18.82 M/s, Avg Speed: 9.45 M/s, Max Resolution: 1920x1080
Category: 💰央视付费频道, Name: 世界地理, Total: 4, Valid: 3, Valid Percent: 75.00%, IPv4: 4, IPv6: 0, Min Delay: 225 ms, Max Speed: 19.83 M/s, Avg Speed: 6.64 M/s, Max Resolution: 1920x1080
Category: 💰央视付费频道, Name: 风云足球, Total: 7, Valid: 5, Valid Percent: 71.43%, IPv4: 7, IPv6: 0, Min Delay: 287 ms, Max Speed: 17.57 M/s, Avg Speed: 3.63 M/s, Max Resolution: 1920x1080
Category: 💰央视付费频道, Name: 兵器科技, Total: 7, Valid: 2, Valid Percent: 28.57%, IPv4: 7, IPv6: 0, Min Delay: 126 ms, Max Speed: 11.53 M/s, Avg Speed: 5.83 M/s, Max Resolution: 1920x1080
Category: 📡卫视频道, Name: 香港卫视, Total: 7, Valid: 0, Valid Percent: 0.00%, IPv4: 7, IPv6: 0, Min Delay: -1 ms, Max Speed: 0.00 M/s, Avg Speed: 0.00 M/s, Max Resolution: None
Category: 📡卫视频道, Name: 广东卫视, Total: 57, Valid: 24, Valid Percent: 42.11%, IPv4: 57, IPv6: 0, Min Delay: 101 ms, Max Speed: 72.61 M/s, Avg Speed: 4.53 M/s, Max Resolution: 1920x1080
Category: 📡卫视频道, Name: 浙江卫视, Total: 54, Valid: 26, Valid Percent: 48.15%, IPv4: 54, IPv6: 0, Min Delay: 68 ms, Max Speed: 17.90 M/s, Avg Speed: 1.60 M/s, Max Resolution: 1920x1080
Category: 📡卫视频道, Name: 湖南卫视, Total: 57, Valid: 24, Valid Percent: 42.11%, IPv4: 57, IPv6: 0, Min Delay: 17 ms, Max Speed: 19.47 M/s, Avg Speed: 2.87 M/s, Max Resolution: 3840x2160
Category: 📡卫视频道, Name: 北京卫视, Total: 53, Valid: 19, Valid Percent: 35.85%, IPv4: 53, IPv6: 0, Min Delay: 10 ms, Max Speed: 32.26 M/s, Avg Speed: 3.83 M/s, Max Resolution: 1920x1080
Category: 📡卫视频道, Name: 湖北卫视, Total: 51, Valid: 19, Valid Percent: 37.25%, IPv4: 51, IPv6: 0, Min Delay: 80 ms, Max Speed: 16.46 M/s, Avg Speed: 1.28 M/s, Max Resolution: 1920x1080
Category: 📡卫视频道, Name: 黑龙江卫视, Total: 41, Valid: 15, Valid Percent: 36.59%, IPv4: 41, IPv6: 0, Min Delay: 182 ms, Max Speed: 18.13 M/s, Avg Speed: 1.38 M/s, Max Resolution: 1920x1080
Category: 📡卫视频道, Name: 安徽卫视, Total: 46, Valid: 19, Valid Percent: 41.30%, IPv4: 46, IPv6: 0, Min Delay: 196 ms, Max Speed: 18.71 M/s, Avg Speed: 1.34 M/s, Max Resolution: 1920x1080
Category: 📡卫视频道, Name: 重庆卫视, Total: 48, Valid: 18, Valid Percent: 37.50%, IPv4: 48, IPv6: 0, Min Delay: 1208 ms, Max Speed: 1.69 M/s, Avg Speed: 0.19 M/s, Max Resolution: 1920x1080
Category: 📡卫视频道, Name: 东方卫视, Total: 51, Valid: 21, Valid Percent: 41.18%, IPv4: 51, IPv6: 0, Min Delay: 207 ms, Max Speed: 19.34 M/s, Avg Speed: 2.93 M/s, Max Resolution: 1920x1080
Category: 📡卫视频道, Name: 东南卫视, Total: 40, Valid: 16, Valid Percent: 40.00%, IPv4: 40, IPv6: 0, Min Delay: 154 ms, Max Speed: 14.62 M/s, Avg Speed: 1.04 M/s, Max Resolution: 1920x1080
Category: 📡卫视频道, Name: 甘肃卫视, Total: 28, Valid: 8, Valid Percent: 28.57%, IPv4: 28, IPv6: 0, Min Delay: 204 ms, Max Speed: 16.55 M/s, Avg Speed: 2.16 M/s, Max Resolution: 1920x1080
Category: 📡卫视频道, Name: 广西卫视, Total: 45, Valid: 18, Valid Percent: 40.00%, IPv4: 45, IPv6: 0, Min Delay: 172 ms, Max Speed: 19.13 M/s, Avg Speed: 1.60 M/s, Max Resolution: 1920x1080
Category: 📡卫视频道, Name: 贵州卫视, Total: 41, Valid: 17, Valid Percent: 41.46%, IPv4: 41, IPv6: 0, Min Delay: 248 ms, Max Speed: 20.71 M/s, Avg Speed: 1.63 M/s, Max Resolution: 1920x1080
Category: 📡卫视频道, Name: 海南卫视, Total: 34, Valid: 11, Valid Percent: 32.35%, IPv4: 34, IPv6: 0, Min Delay: 31 ms, Max Speed: 33.03 M/s, Avg Speed: 3.23 M/s, Max Resolution: 1920x1080
Category: 📡卫视频道, Name: 河北卫视, Total: 40, Valid: 15, Valid Percent: 37.50%, IPv4: 40, IPv6: 0, Min Delay: 197 ms, Max Speed: 0.16 M/s, Avg Speed: 0.06 M/s, Max Resolution: 1920x1080
Category: 📡卫视频道, Name: 河南卫视, Total: 48, Valid: 17, Valid Percent: 35.42%, IPv4: 48, IPv6: 0, Min Delay: 30 ms, Max Speed: 33.98 M/s, Avg Speed: 4.14 M/s, Max Resolution: 1920x1080
Category: 📡卫视频道, Name: 吉林卫视, Total: 41, Valid: 13, Valid Percent: 31.71%, IPv4: 41, IPv6: 0, Min Delay: 194 ms, Max Speed: 21.99 M/s, Avg Speed: 1.77 M/s, Max Resolution: 1920x1080
Category: 📡卫视频道, Name: 江苏卫视, Total: 51, Valid: 18, Valid Percent: 35.29%, IPv4: 51, IPv6: 0, Min Delay: 180 ms, Max Speed: 20.68 M/s, Avg Speed: 2.52 M/s, Max Resolution: 1920x1080
Category: 📡卫视频道, Name: 江西卫视, Total: 49, Valid: 18, Valid Percent: 36.73%, IPv4: 49, IPv6: 0, Min Delay: 198 ms, Max Speed: 15.76 M/s, Avg Speed: 1.00 M/s, Max Resolution: 1920x1080
Category: 📡卫视频道, Name: 辽宁卫视, Total: 50, Valid: 20, Valid Percent: 40.00%, IPv4: 50, IPv6: 0, Min Delay: 33 ms, Max Speed: 29.44 M/s, Avg Speed: 2.30 M/s, Max Resolution: 1920x1080
Category: 📡卫视频道, Name: 内蒙古卫视, Total: 30, Valid: 11, Valid Percent: 36.67%, IPv4: 30, IPv6: 0, Min Delay: 194 ms, Max Speed: 1.21 M/s, Avg Speed: 0.15 M/s, Max Resolution: 720x576
Category: 📡卫视频道, Name: 宁夏卫视, Total: 29, Valid: 12, Valid Percent: 41.38%, IPv4: 29, IPv6: 0, Min Delay: 36 ms, Max Speed: 34.88 M/s, Avg Speed: 3.13 M/s, Max Resolution: 1920x1080
Category: 📡卫视频道, Name: 青海卫视, Total: 29, Valid: 9, Valid Percent: 31.03%, IPv4: 29, IPv6: 0, Min Delay: 194 ms, Max Speed: 20.75 M/s, Avg Speed: 2.41 M/s, Max Resolution: 1920x1080
Category: 📡卫视频道, Name: 山东卫视, Total: 46, Valid: 19, Valid Percent: 41.30%, IPv4: 46, IPv6: 0, Min Delay: 181 ms, Max Speed: 18.12 M/s, Avg Speed: 1.11 M/s, Max Resolution: 1920x1080
Category: 📡卫视频道, Name: 山西卫视, Total: 39, Valid: 17, Valid Percent: 43.59%, IPv4: 39, IPv6: 0, Min Delay: 148 ms, Max Speed: 13.64 M/s, Avg Speed: 0.97 M/s, Max Resolution: 1920x1080
Category: 📡卫视频道, Name: 陕西卫视, Total: 43, Valid: 21, Valid Percent: 48.84%, IPv4: 43, IPv6: 0, Min Delay: 30 ms, Max Speed: 35.68 M/s, Avg Speed: 2.00 M/s, Max Resolution: 1920x1080
Category: 📡卫视频道, Name: 四川卫视, Total: 48, Valid: 19, Valid Percent: 39.58%, IPv4: 48, IPv6: 0, Min Delay: 9 ms, Max Speed: 15.06 M/s, Avg Speed: 1.44 M/s, Max Resolution: 1920x1080
Category: 📡卫视频道, Name: 深圳卫视, Total: 44, Valid: 25, Valid Percent: 56.82%, IPv4: 44, IPv6: 0, Min Delay: 201 ms, Max Speed: 19.39 M/s, Avg Speed: 1.13 M/s, Max Resolution: 1920x1080
Category: 📡卫视频道, Name: 三沙卫视, Total: 9, Valid: 3, Valid Percent: 33.33%, IPv4: 9, IPv6: 0, Min Delay: 252 ms, Max Speed: 21.01 M/s, Avg Speed: 7.15 M/s, Max Resolution: 1920x1080
Category: 📡卫视频道, Name: 天津卫视, Total: 47, Valid: 22, Valid Percent: 46.81%, IPv4: 47, IPv6: 0, Min Delay: 197 ms, Max Speed: 16.60 M/s, Avg Speed: 0.97 M/s, Max Resolution: 1920x1080
Category: 📡卫视频道, Name: 西藏卫视, Total: 32, Valid: 12, Valid Percent: 37.50%, IPv4: 32, IPv6: 0, Min Delay: 3106 ms, Max Speed: 1.20 M/s, Avg Speed: 0.16 M/s, Max Resolution: 1920x1080
Category: 📡卫视频道, Name: 新疆卫视, Total: 38, Valid: 12, Valid Percent: 31.58%, IPv4: 38, IPv6: 0, Min Delay: 140 ms, Max Speed: 14.43 M/s, Avg Speed: 1.29 M/s, Max Resolution: 1920x1080
Category: 📡卫视频道, Name: 云南卫视, Total: 45, Valid: 22, Valid Percent: 48.89%, IPv4: 45, IPv6: 0, Min Delay: 174 ms, Max Speed: 19.14 M/s, Avg Speed: 1.09 M/s, Max Resolution: 1920x1080
